TimeQuest Timing Analyzer report for 11improve
Wed May 15 17:13:42 2019
Quartus II 64-Bit Version 13.0.1 Build 232 06/12/2013 Service Pack 1 SJ Full Version


---------------------
; Table of Contents ;
---------------------
  1. Legal Notice
  2. TimeQuest Timing Analyzer Summary
  3. Parallel Compilation
  4. Clocks
  5. Slow 1200mV 85C Model Fmax Summary
  6. Timing Closure Recommendations
  7. Slow 1200mV 85C Model Setup Summary
  8. Slow 1200mV 85C Model Hold Summary
  9. Slow 1200mV 85C Model Recovery Summary
 10. Slow 1200mV 85C Model Removal Summary
 11. Slow 1200mV 85C Model Minimum Pulse Width Summary
 12. Slow 1200mV 85C Model Setup: 'clk'
 13. Slow 1200mV 85C Model Hold: 'clk'
 14. Slow 1200mV 85C Model Minimum Pulse Width: 'clk'
 15. Clock to Output Times
 16. Minimum Clock to Output Times
 17. Slow 1200mV 85C Model Metastability Report
 18. Slow 1200mV 0C Model Fmax Summary
 19. Slow 1200mV 0C Model Setup Summary
 20. Slow 1200mV 0C Model Hold Summary
 21. Slow 1200mV 0C Model Recovery Summary
 22. Slow 1200mV 0C Model Removal Summary
 23. Slow 1200mV 0C Model Minimum Pulse Width Summary
 24. Slow 1200mV 0C Model Setup: 'clk'
 25. Slow 1200mV 0C Model Hold: 'clk'
 26. Slow 1200mV 0C Model Minimum Pulse Width: 'clk'
 27. Clock to Output Times
 28. Minimum Clock to Output Times
 29. Slow 1200mV 0C Model Metastability Report
 30. Fast 1200mV 0C Model Setup Summary
 31. Fast 1200mV 0C Model Hold Summary
 32. Fast 1200mV 0C Model Recovery Summary
 33. Fast 1200mV 0C Model Removal Summary
 34. Fast 1200mV 0C Model Minimum Pulse Width Summary
 35. Fast 1200mV 0C Model Setup: 'clk'
 36. Fast 1200mV 0C Model Hold: 'clk'
 37. Fast 1200mV 0C Model Minimum Pulse Width: 'clk'
 38. Clock to Output Times
 39. Minimum Clock to Output Times
 40. Fast 1200mV 0C Model Metastability Report
 41. Multicorner Timing Analysis Summary
 42. Clock to Output Times
 43. Minimum Clock to Output Times
 44. Board Trace Model Assignments
 45. Input Transition Times
 46. Signal Integrity Metrics (Slow 1200mv 0c Model)
 47. Signal Integrity Metrics (Slow 1200mv 85c Model)
 48. Signal Integrity Metrics (Fast 1200mv 0c Model)
 49. Setup Transfers
 50. Hold Transfers
 51. Report TCCS
 52. Report RSKM
 53. Unconstrained Paths
 54. TimeQuest Timing Analyzer Messages



----------------
; Legal Notice ;
----------------
Copyright (C) 1991-2013 Altera Corporation
Your use of Altera Corporation's design tools, logic functions 
and other software and tools, and its AMPP partner logic 
functions, and any output files from any of the foregoing 
(including device programming or simulation files), and any 
associated documentation or information are expressly subject 
to the terms and conditions of the Altera Program License 
Subscription Agreement, Altera MegaCore Function License 
Agreement, or other applicable license agreement, including, 
without limitation, that your use is for the sole purpose of 
programming logic devices manufactured by Altera and sold by 
Altera or its authorized distributors.  Please refer to the 
applicable agreement for further details.



+-----------------------------------------------------------------------------------------+
; TimeQuest Timing Analyzer Summary                                                       ;
+--------------------+--------------------------------------------------------------------+
; Quartus II Version ; Version 13.0.1 Build 232 06/12/2013 Service Pack 1 SJ Full Version ;
; Revision Name      ; 11improve                                                          ;
; Device Family      ; Cyclone IV E                                                       ;
; Device Name        ; EP4CE6E22C8                                                        ;
; Timing Models      ; Final                                                              ;
; Delay Model        ; Combined                                                           ;
; Rise/Fall Delays   ; Enabled                                                            ;
+--------------------+--------------------------------------------------------------------+


+------------------------------------------+
; Parallel Compilation                     ;
+----------------------------+-------------+
; Processors                 ; Number      ;
+----------------------------+-------------+
; Number detected on machine ; 8           ;
; Maximum allowed            ; 4           ;
;                            ;             ;
; Average used               ; 1.00        ;
; Maximum used               ; 4           ;
;                            ;             ;
; Usage by Processor         ; % Time Used ;
;     Processor 1            ; 100.0%      ;
;     Processors 2-4         ; < 0.1%      ;
;     Processors 5-8         ;   0.0%      ;
+----------------------------+-------------+


+---------------------------------------------------------------------------------------------------------------------------------------------------------------------------------+
; Clocks                                                                                                                                                                          ;
+------------+------+--------+------------+-------+-------+------------+-----------+-------------+-------+--------+-----------+------------+----------+--------+--------+---------+
; Clock Name ; Type ; Period ; Frequency  ; Rise  ; Fall  ; Duty Cycle ; Divide by ; Multiply by ; Phase ; Offset ; Edge List ; Edge Shift ; Inverted ; Master ; Source ; Targets ;
+------------+------+--------+------------+-------+-------+------------+-----------+-------------+-------+--------+-----------+------------+----------+--------+--------+---------+
; clk        ; Base ; 1.000  ; 1000.0 MHz ; 0.000 ; 0.500 ;            ;           ;             ;       ;        ;           ;            ;          ;        ;        ; { clk } ;
+------------+------+--------+------------+-------+-------+------------+-----------+-------------+-------+--------+-----------+------------+----------+--------+--------+---------+


+-----------------------------------------------------------------------------------------------------------+
; Slow 1200mV 85C Model Fmax Summary                                                                        ;
+------------+-----------------+------------+---------------------------------------------------------------+
; Fmax       ; Restricted Fmax ; Clock Name ; Note                                                          ;
+------------+-----------------+------------+---------------------------------------------------------------+
; 735.84 MHz ; 250.0 MHz       ; clk        ; limit due to minimum period restriction (max I/O toggle rate) ;
+------------+-----------------+------------+---------------------------------------------------------------+
This panel reports FMAX for every clock in the design, regardless of the user-specified clock periods.  FMAX is only computed for paths where the source and destination registers or ports are driven by the same clock.  Paths of different clocks, including generated clocks, are ignored.  For paths between a clock and its inversion, FMAX is computed as if the rising and falling edges are scaled along with FMAX, such that the duty cycle (in terms of a percentage) is maintained. Altera recommends that you always use clock constraints and other slack reports for sign-off analysis.


----------------------------------
; Timing Closure Recommendations ;
----------------------------------
HTML report is unavailable in plain text report export.


+-------------------------------------+
; Slow 1200mV 85C Model Setup Summary ;
+-------+--------+--------------------+
; Clock ; Slack  ; End Point TNS      ;
+-------+--------+--------------------+
; clk   ; -0.359 ; -0.366             ;
+-------+--------+--------------------+


+------------------------------------+
; Slow 1200mV 85C Model Hold Summary ;
+-------+-------+--------------------+
; Clock ; Slack ; End Point TNS      ;
+-------+-------+--------------------+
; clk   ; 0.466 ; 0.000              ;
+-------+-------+--------------------+


------------------------------------------
; Slow 1200mV 85C Model Recovery Summary ;
------------------------------------------
No paths to report.


-----------------------------------------
; Slow 1200mV 85C Model Removal Summary ;
-----------------------------------------
No paths to report.


+---------------------------------------------------+
; Slow 1200mV 85C Model Minimum Pulse Width Summary ;
+-------+--------+----------------------------------+
; Clock ; Slack  ; End Point TNS                    ;
+-------+--------+----------------------------------+
; clk   ; -3.000 ; -10.435                          ;
+-------+--------+----------------------------------+


+----------------------------------------------------------------------------------------------------+
; Slow 1200mV 85C Model Setup: 'clk'                                                                 ;
+--------+-----------+---------+--------------+-------------+--------------+------------+------------+
; Slack  ; From Node ; To Node ; Launch Clock ; Latch Clock ; Relationship ; Clock Skew ; Data Delay ;
+--------+-----------+---------+--------------+-------------+--------------+------------+------------+
; -0.359 ; inst5     ; inst    ; clk          ; clk         ; 1.000        ; -0.080     ; 1.280      ;
; -0.346 ; inst4     ; inst    ; clk          ; clk         ; 1.000        ; -0.080     ; 1.267      ;
; -0.015 ; inst3     ; inst    ; clk          ; clk         ; 1.000        ; -0.080     ; 0.936      ;
; -0.004 ; inst5     ; inst6   ; clk          ; clk         ; 1.000        ; -0.080     ; 0.925      ;
; -0.002 ; inst4     ; inst5   ; clk          ; clk         ; 1.000        ; -0.080     ; 0.923      ;
; -0.001 ; inst3     ; inst4   ; clk          ; clk         ; 1.000        ; -0.080     ; 0.922      ;
; 0.011  ; inst      ; inst3   ; clk          ; clk         ; 1.000        ; -0.080     ; 0.910      ;
; 0.063  ; inst      ; inst    ; clk          ; clk         ; 1.000        ; -0.080     ; 0.858      ;
+--------+-----------+---------+--------------+-------------+--------------+------------+------------+


+---------------------------------------------------------------------------------------------------+
; Slow 1200mV 85C Model Hold: 'clk'                                                                 ;
+-------+-----------+---------+--------------+-------------+--------------+------------+------------+
; Slack ; From Node ; To Node ; Launch Clock ; Latch Clock ; Relationship ; Clock Skew ; Data Delay ;
+-------+-----------+---------+--------------+-------------+--------------+------------+------------+
; 0.466 ; inst      ; inst    ; clk          ; clk         ; 0.000        ; 0.080      ; 0.758      ;
; 0.521 ; inst3     ; inst    ; clk          ; clk         ; 0.000        ; 0.080      ; 0.813      ;
; 0.529 ; inst      ; inst3   ; clk          ; clk         ; 0.000        ; 0.080      ; 0.821      ;
; 0.535 ; inst4     ; inst5   ; clk          ; clk         ; 0.000        ; 0.080      ; 0.827      ;
; 0.537 ; inst3     ; inst4   ; clk          ; clk         ; 0.000        ; 0.080      ; 0.829      ;
; 0.537 ; inst5     ; inst6   ; clk          ; clk         ; 0.000        ; 0.080      ; 0.829      ;
; 0.877 ; inst4     ; inst    ; clk          ; clk         ; 0.000        ; 0.080      ; 1.169      ;
; 0.879 ; inst5     ; inst    ; clk          ; clk         ; 0.000        ; 0.080      ; 1.171      ;
+-------+-----------+---------+--------------+-------------+--------------+------------+------------+


+---------------------------------------------------------------------------------------------------------+
; Slow 1200mV 85C Model Minimum Pulse Width: 'clk'                                                        ;
+--------+--------------+----------------+------------------+-------+------------+------------------------+
; Slack  ; Actual Width ; Required Width ; Type             ; Clock ; Clock Edge ; Target                 ;
+--------+--------------+----------------+------------------+-------+------------+------------------------+
; -3.000 ; 1.000        ; 4.000          ; Port Rate        ; clk   ; Rise       ; clk                    ;
; -1.487 ; 1.000        ; 2.487          ; Min Period       ; clk   ; Rise       ; inst                   ;
; -1.487 ; 1.000        ; 2.487          ; Min Period       ; clk   ; Rise       ; inst3                  ;
; -1.487 ; 1.000        ; 2.487          ; Min Period       ; clk   ; Rise       ; inst4                  ;
; -1.487 ; 1.000        ; 2.487          ; Min Period       ; clk   ; Rise       ; inst5                  ;
; -1.487 ; 1.000        ; 2.487          ; Min Period       ; clk   ; Rise       ; inst6                  ;
; 0.197  ; 0.417        ; 0.220          ; High Pulse Width ; clk   ; Rise       ; inst                   ;
; 0.197  ; 0.417        ; 0.220          ; High Pulse Width ; clk   ; Rise       ; inst3                  ;
; 0.197  ; 0.417        ; 0.220          ; High Pulse Width ; clk   ; Rise       ; inst4                  ;
; 0.197  ; 0.417        ; 0.220          ; High Pulse Width ; clk   ; Rise       ; inst5                  ;
; 0.197  ; 0.417        ; 0.220          ; High Pulse Width ; clk   ; Rise       ; inst6                  ;
; 0.393  ; 0.581        ; 0.188          ; Low Pulse Width  ; clk   ; Rise       ; inst                   ;
; 0.393  ; 0.581        ; 0.188          ; Low Pulse Width  ; clk   ; Rise       ; inst3                  ;
; 0.393  ; 0.581        ; 0.188          ; Low Pulse Width  ; clk   ; Rise       ; inst4                  ;
; 0.393  ; 0.581        ; 0.188          ; Low Pulse Width  ; clk   ; Rise       ; inst5                  ;
; 0.393  ; 0.581        ; 0.188          ; Low Pulse Width  ; clk   ; Rise       ; inst6                  ;
; 0.443  ; 0.443        ; 0.000          ; High Pulse Width ; clk   ; Rise       ; inst2~clkctrl|inclk[0] ;
; 0.443  ; 0.443        ; 0.000          ; High Pulse Width ; clk   ; Rise       ; inst2~clkctrl|outclk   ;
; 0.453  ; 0.453        ; 0.000          ; Low Pulse Width  ; clk   ; Rise       ; clk~input|o            ;
; 0.459  ; 0.459        ; 0.000          ; High Pulse Width ; clk   ; Rise       ; inst2|combout          ;
; 0.466  ; 0.466        ; 0.000          ; High Pulse Width ; clk   ; Rise       ; inst3|clk              ;
; 0.466  ; 0.466        ; 0.000          ; High Pulse Width ; clk   ; Rise       ; inst4|clk              ;
; 0.466  ; 0.466        ; 0.000          ; High Pulse Width ; clk   ; Rise       ; inst5|clk              ;
; 0.466  ; 0.466        ; 0.000          ; High Pulse Width ; clk   ; Rise       ; inst6|clk              ;
; 0.466  ; 0.466        ; 0.000          ; High Pulse Width ; clk   ; Rise       ; inst|clk               ;
; 0.497  ; 0.497        ; 0.000          ; High Pulse Width ; clk   ; Rise       ; inst2|datad            ;
; 0.500  ; 0.500        ; 0.000          ; High Pulse Width ; clk   ; Rise       ; clk~input|i            ;
; 0.500  ; 0.500        ; 0.000          ; Low Pulse Width  ; clk   ; Rise       ; clk~input|i            ;
; 0.501  ; 0.501        ; 0.000          ; Low Pulse Width  ; clk   ; Rise       ; inst2|datad            ;
; 0.533  ; 0.533        ; 0.000          ; Low Pulse Width  ; clk   ; Rise       ; inst3|clk              ;
; 0.533  ; 0.533        ; 0.000          ; Low Pulse Width  ; clk   ; Rise       ; inst4|clk              ;
; 0.533  ; 0.533        ; 0.000          ; Low Pulse Width  ; clk   ; Rise       ; inst5|clk              ;
; 0.533  ; 0.533        ; 0.000          ; Low Pulse Width  ; clk   ; Rise       ; inst6|clk              ;
; 0.533  ; 0.533        ; 0.000          ; Low Pulse Width  ; clk   ; Rise       ; inst|clk               ;
; 0.538  ; 0.538        ; 0.000          ; Low Pulse Width  ; clk   ; Rise       ; inst2|combout          ;
; 0.547  ; 0.547        ; 0.000          ; High Pulse Width ; clk   ; Rise       ; clk~input|o            ;
; 0.554  ; 0.554        ; 0.000          ; Low Pulse Width  ; clk   ; Rise       ; inst2~clkctrl|inclk[0] ;
; 0.554  ; 0.554        ; 0.000          ; Low Pulse Width  ; clk   ; Rise       ; inst2~clkctrl|outclk   ;
+--------+--------------+----------------+------------------+-------+------------+------------------------+


+-------------------------------------------------------------------------+
; Clock to Output Times                                                   ;
+-----------+------------+--------+--------+------------+-----------------+
; Data Port ; Clock Port ; Rise   ; Fall   ; Clock Edge ; Clock Reference ;
+-----------+------------+--------+--------+------------+-----------------+
; T1        ; clk        ; 9.948  ; 9.795  ; Rise       ; clk             ;
; T2        ; clk        ; 11.091 ; 11.060 ; Rise       ; clk             ;
; T3        ; clk        ; 9.334  ; 9.241  ; Rise       ; clk             ;
; T4        ; clk        ; 9.274  ; 9.186  ; Rise       ; clk             ;
+-----------+------------+--------+--------+------------+-----------------+


+-------------------------------------------------------------------------+
; Minimum Clock to Output Times                                           ;
+-----------+------------+--------+--------+------------+-----------------+
; Data Port ; Clock Port ; Rise   ; Fall   ; Clock Edge ; Clock Reference ;
+-----------+------------+--------+--------+------------+-----------------+
; T1        ; clk        ; 9.583  ; 9.434  ; Rise       ; clk             ;
; T2        ; clk        ; 10.739 ; 10.711 ; Rise       ; clk             ;
; T3        ; clk        ; 8.994  ; 8.902  ; Rise       ; clk             ;
; T4        ; clk        ; 8.930  ; 8.845  ; Rise       ; clk             ;
+-----------+------------+--------+--------+------------+-----------------+


----------------------------------------------
; Slow 1200mV 85C Model Metastability Report ;
----------------------------------------------
No synchronizer chains to report.


+-----------------------------------------------------------------------------------------------------------+
; Slow 1200mV 0C Model Fmax Summary                                                                         ;
+------------+-----------------+------------+---------------------------------------------------------------+
; Fmax       ; Restricted Fmax ; Clock Name ; Note                                                          ;
+------------+-----------------+------------+---------------------------------------------------------------+
; 818.33 MHz ; 250.0 MHz       ; clk        ; limit due to minimum period restriction (max I/O toggle rate) ;
+------------+-----------------+------------+---------------------------------------------------------------+
This panel reports FMAX for every clock in the design, regardless of the user-specified clock periods.  FMAX is only computed for paths where the source and destination registers or ports are driven by the same clock.  Paths of different clocks, including generated clocks, are ignored.  For paths between a clock and its inversion, FMAX is computed as if the rising and falling edges are scaled along with FMAX, such that the duty cycle (in terms of a percentage) is maintained. Altera recommends that you always use clock constraints and other slack reports for sign-off analysis.


+------------------------------------+
; Slow 1200mV 0C Model Setup Summary ;
+-------+--------+-------------------+
; Clock ; Slack  ; End Point TNS     ;
+-------+--------+-------------------+
; clk   ; -0.222 ; -0.222            ;
+-------+--------+-------------------+


+-----------------------------------+
; Slow 1200mV 0C Model Hold Summary ;
+-------+-------+-------------------+
; Clock ; Slack ; End Point TNS     ;
+-------+-------+-------------------+
; clk   ; 0.417 ; 0.000             ;
+-------+-------+-------------------+


-----------------------------------------
; Slow 1200mV 0C Model Recovery Summary ;
-----------------------------------------
No paths to report.


----------------------------------------
; Slow 1200mV 0C Model Removal Summary ;
----------------------------------------
No paths to report.


+--------------------------------------------------+
; Slow 1200mV 0C Model Minimum Pulse Width Summary ;
+-------+--------+---------------------------------+
; Clock ; Slack  ; End Point TNS                   ;
+-------+--------+---------------------------------+
; clk   ; -3.000 ; -10.435                         ;
+-------+--------+---------------------------------+


+----------------------------------------------------------------------------------------------------+
; Slow 1200mV 0C Model Setup: 'clk'                                                                  ;
+--------+-----------+---------+--------------+-------------+--------------+------------+------------+
; Slack  ; From Node ; To Node ; Launch Clock ; Latch Clock ; Relationship ; Clock Skew ; Data Delay ;
+--------+-----------+---------+--------------+-------------+--------------+------------+------------+
; -0.222 ; inst5     ; inst    ; clk          ; clk         ; 1.000        ; -0.072     ; 1.152      ;
; -0.213 ; inst4     ; inst    ; clk          ; clk         ; 1.000        ; -0.072     ; 1.143      ;
; 0.079  ; inst3     ; inst    ; clk          ; clk         ; 1.000        ; -0.072     ; 0.851      ;
; 0.095  ; inst5     ; inst6   ; clk          ; clk         ; 1.000        ; -0.072     ; 0.835      ;
; 0.099  ; inst3     ; inst4   ; clk          ; clk         ; 1.000        ; -0.072     ; 0.831      ;
; 0.100  ; inst4     ; inst5   ; clk          ; clk         ; 1.000        ; -0.072     ; 0.830      ;
; 0.110  ; inst      ; inst3   ; clk          ; clk         ; 1.000        ; -0.072     ; 0.820      ;
; 0.160  ; inst      ; inst    ; clk          ; clk         ; 1.000        ; -0.072     ; 0.770      ;
+--------+-----------+---------+--------------+-------------+--------------+------------+------------+


+---------------------------------------------------------------------------------------------------+
; Slow 1200mV 0C Model Hold: 'clk'                                                                  ;
+-------+-----------+---------+--------------+-------------+--------------+------------+------------+
; Slack ; From Node ; To Node ; Launch Clock ; Latch Clock ; Relationship ; Clock Skew ; Data Delay ;
+-------+-----------+---------+--------------+-------------+--------------+------------+------------+
; 0.417 ; inst      ; inst    ; clk          ; clk         ; 0.000        ; 0.072      ; 0.684      ;
; 0.480 ; inst3     ; inst    ; clk          ; clk         ; 0.000        ; 0.072      ; 0.747      ;
; 0.494 ; inst      ; inst3   ; clk          ; clk         ; 0.000        ; 0.072      ; 0.761      ;
; 0.501 ; inst3     ; inst4   ; clk          ; clk         ; 0.000        ; 0.072      ; 0.768      ;
; 0.501 ; inst4     ; inst5   ; clk          ; clk         ; 0.000        ; 0.072      ; 0.768      ;
; 0.503 ; inst5     ; inst6   ; clk          ; clk         ; 0.000        ; 0.072      ; 0.770      ;
; 0.815 ; inst4     ; inst    ; clk          ; clk         ; 0.000        ; 0.072      ; 1.082      ;
; 0.817 ; inst5     ; inst    ; clk          ; clk         ; 0.000        ; 0.072      ; 1.084      ;
+-------+-----------+---------+--------------+-------------+--------------+------------+------------+


+---------------------------------------------------------------------------------------------------------+
; Slow 1200mV 0C Model Minimum Pulse Width: 'clk'                                                         ;
+--------+--------------+----------------+------------------+-------+------------+------------------------+
; Slack  ; Actual Width ; Required Width ; Type             ; Clock ; Clock Edge ; Target                 ;
+--------+--------------+----------------+------------------+-------+------------+------------------------+
; -3.000 ; 1.000        ; 4.000          ; Port Rate        ; clk   ; Rise       ; clk                    ;
; -1.487 ; 1.000        ; 2.487          ; Min Period       ; clk   ; Rise       ; inst                   ;
; -1.487 ; 1.000        ; 2.487          ; Min Period       ; clk   ; Rise       ; inst3                  ;
; -1.487 ; 1.000        ; 2.487          ; Min Period       ; clk   ; Rise       ; inst4                  ;
; -1.487 ; 1.000        ; 2.487          ; Min Period       ; clk   ; Rise       ; inst5                  ;
; -1.487 ; 1.000        ; 2.487          ; Min Period       ; clk   ; Rise       ; inst6                  ;
; 0.033  ; 0.249        ; 0.216          ; High Pulse Width ; clk   ; Rise       ; inst                   ;
; 0.033  ; 0.249        ; 0.216          ; High Pulse Width ; clk   ; Rise       ; inst3                  ;
; 0.033  ; 0.249        ; 0.216          ; High Pulse Width ; clk   ; Rise       ; inst4                  ;
; 0.033  ; 0.249        ; 0.216          ; High Pulse Width ; clk   ; Rise       ; inst5                  ;
; 0.033  ; 0.249        ; 0.216          ; High Pulse Width ; clk   ; Rise       ; inst6                  ;
; 0.277  ; 0.277        ; 0.000          ; High Pulse Width ; clk   ; Rise       ; inst2~clkctrl|inclk[0] ;
; 0.277  ; 0.277        ; 0.000          ; High Pulse Width ; clk   ; Rise       ; inst2~clkctrl|outclk   ;
; 0.303  ; 0.303        ; 0.000          ; High Pulse Width ; clk   ; Rise       ; inst3|clk              ;
; 0.303  ; 0.303        ; 0.000          ; High Pulse Width ; clk   ; Rise       ; inst4|clk              ;
; 0.303  ; 0.303        ; 0.000          ; High Pulse Width ; clk   ; Rise       ; inst5|clk              ;
; 0.303  ; 0.303        ; 0.000          ; High Pulse Width ; clk   ; Rise       ; inst6|clk              ;
; 0.303  ; 0.303        ; 0.000          ; High Pulse Width ; clk   ; Rise       ; inst|clk               ;
; 0.307  ; 0.307        ; 0.000          ; High Pulse Width ; clk   ; Rise       ; inst2|combout          ;
; 0.353  ; 0.353        ; 0.000          ; High Pulse Width ; clk   ; Rise       ; inst2|datad            ;
; 0.476  ; 0.476        ; 0.000          ; Low Pulse Width  ; clk   ; Rise       ; clk~input|o            ;
; 0.500  ; 0.500        ; 0.000          ; High Pulse Width ; clk   ; Rise       ; clk~input|i            ;
; 0.500  ; 0.500        ; 0.000          ; Low Pulse Width  ; clk   ; Rise       ; clk~input|i            ;
; 0.524  ; 0.524        ; 0.000          ; High Pulse Width ; clk   ; Rise       ; clk~input|o            ;
; 0.554  ; 0.738        ; 0.184          ; Low Pulse Width  ; clk   ; Rise       ; inst                   ;
; 0.554  ; 0.738        ; 0.184          ; Low Pulse Width  ; clk   ; Rise       ; inst3                  ;
; 0.554  ; 0.738        ; 0.184          ; Low Pulse Width  ; clk   ; Rise       ; inst4                  ;
; 0.554  ; 0.738        ; 0.184          ; Low Pulse Width  ; clk   ; Rise       ; inst5                  ;
; 0.554  ; 0.738        ; 0.184          ; Low Pulse Width  ; clk   ; Rise       ; inst6                  ;
; 0.638  ; 0.638        ; 0.000          ; Low Pulse Width  ; clk   ; Rise       ; inst2|datad            ;
; 0.683  ; 0.683        ; 0.000          ; Low Pulse Width  ; clk   ; Rise       ; inst2|combout          ;
; 0.687  ; 0.687        ; 0.000          ; Low Pulse Width  ; clk   ; Rise       ; inst3|clk              ;
; 0.687  ; 0.687        ; 0.000          ; Low Pulse Width  ; clk   ; Rise       ; inst4|clk              ;
; 0.687  ; 0.687        ; 0.000          ; Low Pulse Width  ; clk   ; Rise       ; inst5|clk              ;
; 0.687  ; 0.687        ; 0.000          ; Low Pulse Width  ; clk   ; Rise       ; inst6|clk              ;
; 0.687  ; 0.687        ; 0.000          ; Low Pulse Width  ; clk   ; Rise       ; inst|clk               ;
; 0.712  ; 0.712        ; 0.000          ; Low Pulse Width  ; clk   ; Rise       ; inst2~clkctrl|inclk[0] ;
; 0.712  ; 0.712        ; 0.000          ; Low Pulse Width  ; clk   ; Rise       ; inst2~clkctrl|outclk   ;
+--------+--------------+----------------+------------------+-------+------------+------------------------+


+-------------------------------------------------------------------------+
; Clock to Output Times                                                   ;
+-----------+------------+--------+--------+------------+-----------------+
; Data Port ; Clock Port ; Rise   ; Fall   ; Clock Edge ; Clock Reference ;
+-----------+------------+--------+--------+------------+-----------------+
; T1        ; clk        ; 9.220  ; 8.983  ; Rise       ; clk             ;
; T2        ; clk        ; 10.185 ; 10.051 ; Rise       ; clk             ;
; T3        ; clk        ; 8.614  ; 8.488  ; Rise       ; clk             ;
; T4        ; clk        ; 8.562  ; 8.437  ; Rise       ; clk             ;
+-----------+------------+--------+--------+------------+-----------------+


+-----------------------------------------------------------------------+
; Minimum Clock to Output Times                                         ;
+-----------+------------+-------+-------+------------+-----------------+
; Data Port ; Clock Port ; Rise  ; Fall  ; Clock Edge ; Clock Reference ;
+-----------+------------+-------+-------+------------+-----------------+
; T1        ; clk        ; 8.863 ; 8.634 ; Rise       ; clk             ;
; T2        ; clk        ; 9.840 ; 9.712 ; Rise       ; clk             ;
; T3        ; clk        ; 8.281 ; 8.159 ; Rise       ; clk             ;
; T4        ; clk        ; 8.227 ; 8.107 ; Rise       ; clk             ;
+-----------+------------+-------+-------+------------+-----------------+


---------------------------------------------
; Slow 1200mV 0C Model Metastability Report ;
---------------------------------------------
No synchronizer chains to report.


+------------------------------------+
; Fast 1200mV 0C Model Setup Summary ;
+-------+-------+--------------------+
; Clock ; Slack ; End Point TNS      ;
+-------+-------+--------------------+
; clk   ; 0.407 ; 0.000              ;
+-------+-------+--------------------+


+-----------------------------------+
; Fast 1200mV 0C Model Hold Summary ;
+-------+-------+-------------------+
; Clock ; Slack ; End Point TNS     ;
+-------+-------+-------------------+
; clk   ; 0.193 ; 0.000             ;
+-------+-------+-------------------+


-----------------------------------------
; Fast 1200mV 0C Model Recovery Summary ;
-----------------------------------------
No paths to report.


----------------------------------------
; Fast 1200mV 0C Model Removal Summary ;
----------------------------------------
No paths to report.


+--------------------------------------------------+
; Fast 1200mV 0C Model Minimum Pulse Width Summary ;
+-------+--------+---------------------------------+
; Clock ; Slack  ; End Point TNS                   ;
+-------+--------+---------------------------------+
; clk   ; -3.000 ; -9.227                          ;
+-------+--------+---------------------------------+


+---------------------------------------------------------------------------------------------------+
; Fast 1200mV 0C Model Setup: 'clk'                                                                 ;
+-------+-----------+---------+--------------+-------------+--------------+------------+------------+
; Slack ; From Node ; To Node ; Launch Clock ; Latch Clock ; Relationship ; Clock Skew ; Data Delay ;
+-------+-----------+---------+--------------+-------------+--------------+------------+------------+
; 0.407 ; inst5     ; inst    ; clk          ; clk         ; 1.000        ; -0.037     ; 0.543      ;
; 0.416 ; inst4     ; inst    ; clk          ; clk         ; 1.000        ; -0.037     ; 0.534      ;
; 0.555 ; inst5     ; inst6   ; clk          ; clk         ; 1.000        ; -0.037     ; 0.395      ;
; 0.557 ; inst3     ; inst4   ; clk          ; clk         ; 1.000        ; -0.037     ; 0.393      ;
; 0.558 ; inst4     ; inst5   ; clk          ; clk         ; 1.000        ; -0.037     ; 0.392      ;
; 0.560 ; inst3     ; inst    ; clk          ; clk         ; 1.000        ; -0.037     ; 0.390      ;
; 0.562 ; inst      ; inst3   ; clk          ; clk         ; 1.000        ; -0.037     ; 0.388      ;
; 0.591 ; inst      ; inst    ; clk          ; clk         ; 1.000        ; -0.037     ; 0.359      ;
+-------+-----------+---------+--------------+-------------+--------------+------------+------------+


+---------------------------------------------------------------------------------------------------+
; Fast 1200mV 0C Model Hold: 'clk'                                                                  ;
+-------+-----------+---------+--------------+-------------+--------------+------------+------------+
; Slack ; From Node ; To Node ; Launch Clock ; Latch Clock ; Relationship ; Clock Skew ; Data Delay ;
+-------+-----------+---------+--------------+-------------+--------------+------------+------------+
; 0.193 ; inst      ; inst    ; clk          ; clk         ; 0.000        ; 0.037      ; 0.314      ;
; 0.206 ; inst      ; inst3   ; clk          ; clk         ; 0.000        ; 0.037      ; 0.327      ;
; 0.209 ; inst4     ; inst5   ; clk          ; clk         ; 0.000        ; 0.037      ; 0.330      ;
; 0.210 ; inst3     ; inst4   ; clk          ; clk         ; 0.000        ; 0.037      ; 0.331      ;
; 0.211 ; inst5     ; inst6   ; clk          ; clk         ; 0.000        ; 0.037      ; 0.332      ;
; 0.215 ; inst3     ; inst    ; clk          ; clk         ; 0.000        ; 0.037      ; 0.336      ;
; 0.350 ; inst4     ; inst    ; clk          ; clk         ; 0.000        ; 0.037      ; 0.471      ;
; 0.353 ; inst5     ; inst    ; clk          ; clk         ; 0.000        ; 0.037      ; 0.474      ;
+-------+-----------+---------+--------------+-------------+--------------+------------+------------+


+---------------------------------------------------------------------------------------------------------+
; Fast 1200mV 0C Model Minimum Pulse Width: 'clk'                                                         ;
+--------+--------------+----------------+------------------+-------+------------+------------------------+
; Slack  ; Actual Width ; Required Width ; Type             ; Clock ; Clock Edge ; Target                 ;
+--------+--------------+----------------+------------------+-------+------------+------------------------+
; -3.000 ; 1.000        ; 4.000          ; Port Rate        ; clk   ; Rise       ; clk                    ;
; -1.000 ; 1.000        ; 2.000          ; Min Period       ; clk   ; Rise       ; inst                   ;
; -1.000 ; 1.000        ; 2.000          ; Min Period       ; clk   ; Rise       ; inst3                  ;
; -1.000 ; 1.000        ; 2.000          ; Min Period       ; clk   ; Rise       ; inst4                  ;
; -1.000 ; 1.000        ; 2.000          ; Min Period       ; clk   ; Rise       ; inst5                  ;
; -1.000 ; 1.000        ; 2.000          ; Min Period       ; clk   ; Rise       ; inst6                  ;
; -0.211 ; -0.027       ; 0.184          ; Low Pulse Width  ; clk   ; Rise       ; inst                   ;
; -0.211 ; -0.027       ; 0.184          ; Low Pulse Width  ; clk   ; Rise       ; inst3                  ;
; -0.211 ; -0.027       ; 0.184          ; Low Pulse Width  ; clk   ; Rise       ; inst4                  ;
; -0.211 ; -0.027       ; 0.184          ; Low Pulse Width  ; clk   ; Rise       ; inst5                  ;
; -0.211 ; -0.027       ; 0.184          ; Low Pulse Width  ; clk   ; Rise       ; inst6                  ;
; -0.031 ; -0.031       ; 0.000          ; Low Pulse Width  ; clk   ; Rise       ; inst3|clk              ;
; -0.031 ; -0.031       ; 0.000          ; Low Pulse Width  ; clk   ; Rise       ; inst4|clk              ;
; -0.031 ; -0.031       ; 0.000          ; Low Pulse Width  ; clk   ; Rise       ; inst5|clk              ;
; -0.031 ; -0.031       ; 0.000          ; Low Pulse Width  ; clk   ; Rise       ; inst6|clk              ;
; -0.031 ; -0.031       ; 0.000          ; Low Pulse Width  ; clk   ; Rise       ; inst|clk               ;
; -0.008 ; -0.008       ; 0.000          ; Low Pulse Width  ; clk   ; Rise       ; inst2~clkctrl|inclk[0] ;
; -0.008 ; -0.008       ; 0.000          ; Low Pulse Width  ; clk   ; Rise       ; inst2~clkctrl|outclk   ;
; -0.001 ; -0.001       ; 0.000          ; Low Pulse Width  ; clk   ; Rise       ; inst2|datad            ;
; 0.004  ; 0.004        ; 0.000          ; Low Pulse Width  ; clk   ; Rise       ; inst2|combout          ;
; 0.121  ; 0.121        ; 0.000          ; Low Pulse Width  ; clk   ; Rise       ; clk~input|o            ;
; 0.500  ; 0.500        ; 0.000          ; High Pulse Width ; clk   ; Rise       ; clk~input|i            ;
; 0.500  ; 0.500        ; 0.000          ; Low Pulse Width  ; clk   ; Rise       ; clk~input|i            ;
; 0.804  ; 1.020        ; 0.216          ; High Pulse Width ; clk   ; Rise       ; inst                   ;
; 0.804  ; 1.020        ; 0.216          ; High Pulse Width ; clk   ; Rise       ; inst3                  ;
; 0.804  ; 1.020        ; 0.216          ; High Pulse Width ; clk   ; Rise       ; inst4                  ;
; 0.804  ; 1.020        ; 0.216          ; High Pulse Width ; clk   ; Rise       ; inst5                  ;
; 0.804  ; 1.020        ; 0.216          ; High Pulse Width ; clk   ; Rise       ; inst6                  ;
; 0.879  ; 0.879        ; 0.000          ; High Pulse Width ; clk   ; Rise       ; clk~input|o            ;
; 0.993  ; 0.993        ; 0.000          ; High Pulse Width ; clk   ; Rise       ; inst2|combout          ;
; 0.997  ; 0.997        ; 0.000          ; High Pulse Width ; clk   ; Rise       ; inst2|datad            ;
; 1.003  ; 1.003        ; 0.000          ; High Pulse Width ; clk   ; Rise       ; inst2~clkctrl|inclk[0] ;
; 1.003  ; 1.003        ; 0.000          ; High Pulse Width ; clk   ; Rise       ; inst2~clkctrl|outclk   ;
; 1.026  ; 1.026        ; 0.000          ; High Pulse Width ; clk   ; Rise       ; inst3|clk              ;
; 1.026  ; 1.026        ; 0.000          ; High Pulse Width ; clk   ; Rise       ; inst4|clk              ;
; 1.026  ; 1.026        ; 0.000          ; High Pulse Width ; clk   ; Rise       ; inst5|clk              ;
; 1.026  ; 1.026        ; 0.000          ; High Pulse Width ; clk   ; Rise       ; inst6|clk              ;
; 1.026  ; 1.026        ; 0.000          ; High Pulse Width ; clk   ; Rise       ; inst|clk               ;
+--------+--------------+----------------+------------------+-------+------------+------------------------+


+-----------------------------------------------------------------------+
; Clock to Output Times                                                 ;
+-----------+------------+-------+-------+------------+-----------------+
; Data Port ; Clock Port ; Rise  ; Fall  ; Clock Edge ; Clock Reference ;
+-----------+------------+-------+-------+------------+-----------------+
; T1        ; clk        ; 4.507 ; 4.576 ; Rise       ; clk             ;
; T2        ; clk        ; 5.300 ; 5.414 ; Rise       ; clk             ;
; T3        ; clk        ; 4.249 ; 4.291 ; Rise       ; clk             ;
; T4        ; clk        ; 4.205 ; 4.249 ; Rise       ; clk             ;
+-----------+------------+-------+-------+------------+-----------------+


+-----------------------------------------------------------------------+
; Minimum Clock to Output Times                                         ;
+-----------+------------+-------+-------+------------+-----------------+
; Data Port ; Clock Port ; Rise  ; Fall  ; Clock Edge ; Clock Reference ;
+-----------+------------+-------+-------+------------+-----------------+
; T1        ; clk        ; 4.348 ; 4.415 ; Rise       ; clk             ;
; T2        ; clk        ; 5.147 ; 5.258 ; Rise       ; clk             ;
; T3        ; clk        ; 4.100 ; 4.141 ; Rise       ; clk             ;
; T4        ; clk        ; 4.059 ; 4.102 ; Rise       ; clk             ;
+-----------+------------+-------+-------+------------+-----------------+


---------------------------------------------
; Fast 1200mV 0C Model Metastability Report ;
---------------------------------------------
No synchronizer chains to report.


+------------------------------------------------------------------------------+
; Multicorner Timing Analysis Summary                                          ;
+------------------+--------+-------+----------+---------+---------------------+
; Clock            ; Setup  ; Hold  ; Recovery ; Removal ; Minimum Pulse Width ;
+------------------+--------+-------+----------+---------+---------------------+
; Worst-case Slack ; -0.359 ; 0.193 ; N/A      ; N/A     ; -3.000              ;
;  clk             ; -0.359 ; 0.193 ; N/A      ; N/A     ; -3.000              ;
; Design-wide TNS  ; -0.366 ; 0.0   ; 0.0      ; 0.0     ; -10.435             ;
;  clk             ; -0.366 ; 0.000 ; N/A      ; N/A     ; -10.435             ;
+------------------+--------+-------+----------+---------+---------------------+


+-------------------------------------------------------------------------+
; Clock to Output Times                                                   ;
+-----------+------------+--------+--------+------------+-----------------+
; Data Port ; Clock Port ; Rise   ; Fall   ; Clock Edge ; Clock Reference ;
+-----------+------------+--------+--------+------------+-----------------+
; T1        ; clk        ; 9.948  ; 9.795  ; Rise       ; clk             ;
; T2        ; clk        ; 11.091 ; 11.060 ; Rise       ; clk             ;
; T3        ; clk        ; 9.334  ; 9.241  ; Rise       ; clk             ;
; T4        ; clk        ; 9.274  ; 9.186  ; Rise       ; clk             ;
+-----------+------------+--------+--------+------------+-----------------+


+-----------------------------------------------------------------------+
; Minimum Clock to Output Times                                         ;
+-----------+------------+-------+-------+------------+-----------------+
; Data Port ; Clock Port ; Rise  ; Fall  ; Clock Edge ; Clock Reference ;
+-----------+------------+-------+-------+------------+-----------------+
; T1        ; clk        ; 4.348 ; 4.415 ; Rise       ; clk             ;
; T2        ; clk        ; 5.147 ; 5.258 ; Rise       ; clk             ;
; T3        ; clk        ; 4.100 ; 4.141 ; Rise       ; clk             ;
; T4        ; clk        ; 4.059 ; 4.102 ; Rise       ; clk             ;
+-----------+------------+-------+-------+------------+-----------------+


+------------------------------------------------------------------------------------------------------------------------------------------------------------------------------------------------------------------------------------------------------------------------------------------------------------------------------------------------------------------------------------------------------------------+
; Board Trace Model Assignments                                                                                                                                                                                                                                                                                                                                                                                    ;
+---------------+--------------+-------------------+-------------------------+-------------------------+---------------+---------------------+----------------+------------------+--------+------------------+------------------------+------------------------+--------------+---------------+-----------------+-------+---------------------+--------------------+---------------+-----------------+-------------+
; Pin           ; I/O Standard ; Near Tline Length ; Near Tline L per Length ; Near Tline C per Length ; Near Series R ; Near Differential R ; Near Pull-up R ; Near Pull-down R ; Near C ; Far Tline Length ; Far Tline L per Length ; Far Tline C per Length ; Far Series R ; Far Pull-up R ; Far Pull-down R ; Far C ; Termination Voltage ; Far Differential R ; EBD File Name ; EBD Signal Name ; EBD Far-end ;
+---------------+--------------+-------------------+-------------------------+-------------------------+---------------+---------------------+----------------+------------------+--------+------------------+------------------------+------------------------+--------------+---------------+-----------------+-------+---------------------+--------------------+---------------+-----------------+-------------+
; T1            ; 2.5 V        ; 0 in              ; 0 H/in                  ; 0 F/in                  ; short         ; -                   ; open           ; open             ; open   ; 0 in             ; 0 H/in                 ; 0 F/in                 ; short        ; open          ; open            ; open  ; 0 V                 ; -                  ; n/a           ; n/a             ; n/a         ;
; T2            ; 2.5 V        ; 0 in              ; 0 H/in                  ; 0 F/in                  ; short         ; -                   ; open           ; open             ; open   ; 0 in             ; 0 H/in                 ; 0 F/in                 ; short        ; open          ; open            ; open  ; 0 V                 ; -                  ; n/a           ; n/a             ; n/a         ;
; T3            ; 2.5 V        ; 0 in              ; 0 H/in                  ; 0 F/in                  ; short         ; -                   ; open           ; open             ; open   ; 0 in             ; 0 H/in                 ; 0 F/in                 ; short        ; open          ; open            ; open  ; 0 V                 ; -                  ; n/a           ; n/a             ; n/a         ;
; T4            ; 2.5 V        ; 0 in              ; 0 H/in                  ; 0 F/in                  ; short         ; -                   ; open           ; open             ; open   ; 0 in             ; 0 H/in                 ; 0 F/in                 ; short        ; open          ; open            ; open  ; 0 V                 ; -                  ; n/a           ; n/a             ; n/a         ;
; ~ALTERA_DCLK~ ; 2.5 V        ; 0 in              ; 0 H/in                  ; 0 F/in                  ; short         ; -                   ; open           ; open             ; open   ; 0 in             ; 0 H/in                 ; 0 F/in                 ; short        ; open          ; open            ; open  ; 0 V                 ; -                  ; n/a           ; n/a             ; n/a         ;
; ~ALTERA_nCEO~ ; 2.5 V        ; 0 in              ; 0 H/in                  ; 0 F/in                  ; short         ; -                   ; open           ; open             ; open   ; 0 in             ; 0 H/in                 ; 0 F/in                 ; short        ; open          ; open            ; open  ; 0 V                 ; -                  ; n/a           ; n/a             ; n/a         ;
+---------------+--------------+-------------------+-------------------------+-------------------------+---------------+---------------------+----------------+------------------+--------+------------------+------------------------+------------------------+--------------+---------------+-----------------+-------+---------------------+--------------------+---------------+-----------------+-------------+


+----------------------------------------------------------------------------+
; Input Transition Times                                                     ;
+-------------------------+--------------+-----------------+-----------------+
; Pin                     ; I/O Standard ; 10-90 Rise Time ; 90-10 Fall Time ;
+-------------------------+--------------+-----------------+-----------------+
; rst                     ; 2.5 V        ; 2000 ps         ; 2000 ps         ;
; clk                     ; 2.5 V        ; 2000 ps         ; 2000 ps         ;
; ~ALTERA_ASDO_DATA1~     ; 2.5 V        ; 2000 ps         ; 2000 ps         ;
; ~ALTERA_FLASH_nCE_nCSO~ ; 2.5 V        ; 2000 ps         ; 2000 ps         ;
; ~ALTERA_DATA0~          ; 2.5 V        ; 2000 ps         ; 2000 ps         ;
+-------------------------+--------------+-----------------+-----------------+


+--------------------------------------------------------------------------------------------------------------------------------------------------------------------------------------------------------------------------------------------------------------------------------------------------------------------------------------------------------------------------------------------------------------------------------------------------------------------------------------------------------------------------------------------------------------------------------------------------------------------------------------------------------------------------------------------+
; Signal Integrity Metrics (Slow 1200mv 0c Model)                                                                                                                                                                                                                                                                                                                                                                                                                                                                                                                                                                                                                                            ;
+---------------+--------------+---------------------+---------------------+------------------------------+------------------------------+---------------------+---------------------+--------------------------------------+--------------------------------------+-----------------------------+-----------------------------+----------------------------+----------------------------+-----------------------------+-----------------------------+--------------------+--------------------+-------------------------------------+-------------------------------------+----------------------------+----------------------------+---------------------------+---------------------------+
; Pin           ; I/O Standard ; Board Delay on Rise ; Board Delay on Fall ; Steady State Voh at FPGA Pin ; Steady State Vol at FPGA Pin ; Voh Max at FPGA Pin ; Vol Min at FPGA Pin ; Ringback Voltage on Rise at FPGA Pin ; Ringback Voltage on Fall at FPGA Pin ; 10-90 Rise Time at FPGA Pin ; 90-10 Fall Time at FPGA Pin ; Monotonic Rise at FPGA Pin ; Monotonic Fall at FPGA Pin ; Steady State Voh at Far-end ; Steady State Vol at Far-end ; Voh Max at Far-end ; Vol Min at Far-end ; Ringback Voltage on Rise at Far-end ; Ringback Voltage on Fall at Far-end ; 10-90 Rise Time at Far-end ; 90-10 Fall Time at Far-end ; Monotonic Rise at Far-end ; Monotonic Fall at Far-end ;
+---------------+--------------+---------------------+---------------------+------------------------------+------------------------------+---------------------+---------------------+--------------------------------------+--------------------------------------+-----------------------------+-----------------------------+----------------------------+----------------------------+-----------------------------+-----------------------------+--------------------+--------------------+-------------------------------------+-------------------------------------+----------------------------+----------------------------+---------------------------+---------------------------+
; T1            ; 2.5 V        ; 0 s                 ; 0 s                 ; 2.32 V                       ; 2.8e-09 V                    ; 2.37 V              ; -0.00373 V          ; 0.104 V                              ; 0.011 V                              ; 4.34e-10 s                  ; 3.82e-10 s                  ; Yes                        ; Yes                        ; 2.32 V                      ; 2.8e-09 V                   ; 2.37 V             ; -0.00373 V         ; 0.104 V                             ; 0.011 V                             ; 4.34e-10 s                 ; 3.82e-10 s                 ; Yes                       ; Yes                       ;
; T2            ; 2.5 V        ; 0 s                 ; 0 s                 ; 2.32 V                       ; 2.8e-09 V                    ; 2.33 V              ; -0.00425 V          ; 0.168 V                              ; 0.058 V                              ; 3.12e-09 s                  ; 2.87e-09 s                  ; Yes                        ; Yes                        ; 2.32 V                      ; 2.8e-09 V                   ; 2.33 V             ; -0.00425 V         ; 0.168 V                             ; 0.058 V                             ; 3.12e-09 s                 ; 2.87e-09 s                 ; Yes                       ; Yes                       ;
; T3            ; 2.5 V        ; 0 s                 ; 0 s                 ; 2.32 V                       ; 2.8e-09 V                    ; 2.37 V              ; -0.00373 V          ; 0.104 V                              ; 0.011 V                              ; 4.34e-10 s                  ; 3.82e-10 s                  ; Yes                        ; Yes                        ; 2.32 V                      ; 2.8e-09 V                   ; 2.37 V             ; -0.00373 V         ; 0.104 V                             ; 0.011 V                             ; 4.34e-10 s                 ; 3.82e-10 s                 ; Yes                       ; Yes                       ;
; T4            ; 2.5 V        ; 0 s                 ; 0 s                 ; 2.32 V                       ; 2.07e-09 V                   ; 2.38 V              ; -0.0073 V           ; 0.097 V                              ; 0.018 V                              ; 4.24e-10 s                  ; 3.65e-10 s                  ; No                         ; Yes                        ; 2.32 V                      ; 2.07e-09 V                  ; 2.38 V             ; -0.0073 V          ; 0.097 V                             ; 0.018 V                             ; 4.24e-10 s                 ; 3.65e-10 s                 ; No                        ; Yes                       ;
; ~ALTERA_DCLK~ ; 2.5 V        ; 0 s                 ; 0 s                 ; 2.32 V                       ; 1.74e-09 V                   ; 2.37 V              ; -0.0346 V           ; 0.198 V                              ; 0.094 V                              ; 3.14e-10 s                  ; 2.92e-10 s                  ; Yes                        ; Yes                        ; 2.32 V                      ; 1.74e-09 V                  ; 2.37 V             ; -0.0346 V          ; 0.198 V                             ; 0.094 V                             ; 3.14e-10 s                 ; 2.92e-10 s                 ; Yes                       ; Yes                       ;
; ~ALTERA_nCEO~ ; 2.5 V        ; 0 s                 ; 0 s                 ; 2.32 V                       ; 2.57e-09 V                   ; 2.37 V              ; -0.00683 V          ; 0.171 V                              ; 0.018 V                              ; 4.97e-10 s                  ; 6.66e-10 s                  ; Yes                        ; Yes                        ; 2.32 V                      ; 2.57e-09 V                  ; 2.37 V             ; -0.00683 V         ; 0.171 V                             ; 0.018 V                             ; 4.97e-10 s                 ; 6.66e-10 s                 ; Yes                       ; Yes                       ;
+---------------+--------------+---------------------+---------------------+------------------------------+------------------------------+---------------------+---------------------+--------------------------------------+--------------------------------------+-----------------------------+-----------------------------+----------------------------+----------------------------+-----------------------------+-----------------------------+--------------------+--------------------+-------------------------------------+-------------------------------------+----------------------------+----------------------------+---------------------------+---------------------------+


+--------------------------------------------------------------------------------------------------------------------------------------------------------------------------------------------------------------------------------------------------------------------------------------------------------------------------------------------------------------------------------------------------------------------------------------------------------------------------------------------------------------------------------------------------------------------------------------------------------------------------------------------------------------------------------------------+
; Signal Integrity Metrics (Slow 1200mv 85c Model)                                                                                                                                                                                                                                                                                                                                                                                                                                                                                                                                                                                                                                           ;
+---------------+--------------+---------------------+---------------------+------------------------------+------------------------------+---------------------+---------------------+--------------------------------------+--------------------------------------+-----------------------------+-----------------------------+----------------------------+----------------------------+-----------------------------+-----------------------------+--------------------+--------------------+-------------------------------------+-------------------------------------+----------------------------+----------------------------+---------------------------+---------------------------+
; Pin           ; I/O Standard ; Board Delay on Rise ; Board Delay on Fall ; Steady State Voh at FPGA Pin ; Steady State Vol at FPGA Pin ; Voh Max at FPGA Pin ; Vol Min at FPGA Pin ; Ringback Voltage on Rise at FPGA Pin ; Ringback Voltage on Fall at FPGA Pin ; 10-90 Rise Time at FPGA Pin ; 90-10 Fall Time at FPGA Pin ; Monotonic Rise at FPGA Pin ; Monotonic Fall at FPGA Pin ; Steady State Voh at Far-end ; Steady State Vol at Far-end ; Voh Max at Far-end ; Vol Min at Far-end ; Ringback Voltage on Rise at Far-end ; Ringback Voltage on Fall at Far-end ; 10-90 Rise Time at Far-end ; 90-10 Fall Time at Far-end ; Monotonic Rise at Far-end ; Monotonic Fall at Far-end ;
+---------------+--------------+---------------------+---------------------+------------------------------+------------------------------+---------------------+---------------------+--------------------------------------+--------------------------------------+-----------------------------+-----------------------------+----------------------------+----------------------------+-----------------------------+-----------------------------+--------------------+--------------------+-------------------------------------+-------------------------------------+----------------------------+----------------------------+---------------------------+---------------------------+
; T1            ; 2.5 V        ; 0 s                 ; 0 s                 ; 2.32 V                       ; 2.85e-07 V                   ; 2.35 V              ; -0.0123 V           ; 0.144 V                              ; 0.042 V                              ; 4.81e-10 s                  ; 4.81e-10 s                  ; Yes                        ; Yes                        ; 2.32 V                      ; 2.85e-07 V                  ; 2.35 V             ; -0.0123 V          ; 0.144 V                             ; 0.042 V                             ; 4.81e-10 s                 ; 4.81e-10 s                 ; Yes                       ; Yes                       ;
; T2            ; 2.5 V        ; 0 s                 ; 0 s                 ; 2.32 V                       ; 2.85e-07 V                   ; 2.33 V              ; -0.00229 V          ; 0.111 V                              ; 0.057 V                              ; 3.78e-09 s                  ; 3.5e-09 s                   ; Yes                        ; Yes                        ; 2.32 V                      ; 2.85e-07 V                  ; 2.33 V             ; -0.00229 V         ; 0.111 V                             ; 0.057 V                             ; 3.78e-09 s                 ; 3.5e-09 s                  ; Yes                       ; Yes                       ;
; T3            ; 2.5 V        ; 0 s                 ; 0 s                 ; 2.32 V                       ; 2.85e-07 V                   ; 2.35 V              ; -0.0123 V           ; 0.144 V                              ; 0.042 V                              ; 4.81e-10 s                  ; 4.81e-10 s                  ; Yes                        ; Yes                        ; 2.32 V                      ; 2.85e-07 V                  ; 2.35 V             ; -0.0123 V          ; 0.144 V                             ; 0.042 V                             ; 4.81e-10 s                 ; 4.81e-10 s                 ; Yes                       ; Yes                       ;
; T4            ; 2.5 V        ; 0 s                 ; 0 s                 ; 2.32 V                       ; 1.93e-07 V                   ; 2.35 V              ; -0.00834 V          ; 0.127 V                              ; 0.035 V                              ; 4.7e-10 s                   ; 4.64e-10 s                  ; Yes                        ; Yes                        ; 2.32 V                      ; 1.93e-07 V                  ; 2.35 V             ; -0.00834 V         ; 0.127 V                             ; 0.035 V                             ; 4.7e-10 s                  ; 4.64e-10 s                 ; Yes                       ; Yes                       ;
; ~ALTERA_DCLK~ ; 2.5 V        ; 0 s                 ; 0 s                 ; 2.32 V                       ; 1.55e-07 V                   ; 2.35 V              ; -0.00221 V          ; 0.097 V                              ; 0.005 V                              ; 4.49e-10 s                  ; 3.85e-10 s                  ; Yes                        ; Yes                        ; 2.32 V                      ; 1.55e-07 V                  ; 2.35 V             ; -0.00221 V         ; 0.097 V                             ; 0.005 V                             ; 4.49e-10 s                 ; 3.85e-10 s                 ; Yes                       ; Yes                       ;
; ~ALTERA_nCEO~ ; 2.5 V        ; 0 s                 ; 0 s                 ; 2.32 V                       ; 2.54e-07 V                   ; 2.34 V              ; -0.00774 V          ; 0.109 V                              ; 0.026 V                              ; 6.58e-10 s                  ; 8.24e-10 s                  ; Yes                        ; Yes                        ; 2.32 V                      ; 2.54e-07 V                  ; 2.34 V             ; -0.00774 V         ; 0.109 V                             ; 0.026 V                             ; 6.58e-10 s                 ; 8.24e-10 s                 ; Yes                       ; Yes                       ;
+---------------+--------------+---------------------+---------------------+------------------------------+------------------------------+---------------------+---------------------+--------------------------------------+--------------------------------------+-----------------------------+-----------------------------+----------------------------+----------------------------+-----------------------------+-----------------------------+--------------------+--------------------+-------------------------------------+-------------------------------------+----------------------------+----------------------------+---------------------------+---------------------------+


+--------------------------------------------------------------------------------------------------------------------------------------------------------------------------------------------------------------------------------------------------------------------------------------------------------------------------------------------------------------------------------------------------------------------------------------------------------------------------------------------------------------------------------------------------------------------------------------------------------------------------------------------------------------------------------------------+
; Signal Integrity Metrics (Fast 1200mv 0c Model)                                                                                                                                                                                                                                                                                                                                                                                                                                                                                                                                                                                                                                            ;
+---------------+--------------+---------------------+---------------------+------------------------------+------------------------------+---------------------+---------------------+--------------------------------------+--------------------------------------+-----------------------------+-----------------------------+----------------------------+----------------------------+-----------------------------+-----------------------------+--------------------+--------------------+-------------------------------------+-------------------------------------+----------------------------+----------------------------+---------------------------+---------------------------+
; Pin           ; I/O Standard ; Board Delay on Rise ; Board Delay on Fall ; Steady State Voh at FPGA Pin ; Steady State Vol at FPGA Pin ; Voh Max at FPGA Pin ; Vol Min at FPGA Pin ; Ringback Voltage on Rise at FPGA Pin ; Ringback Voltage on Fall at FPGA Pin ; 10-90 Rise Time at FPGA Pin ; 90-10 Fall Time at FPGA Pin ; Monotonic Rise at FPGA Pin ; Monotonic Fall at FPGA Pin ; Steady State Voh at Far-end ; Steady State Vol at Far-end ; Voh Max at Far-end ; Vol Min at Far-end ; Ringback Voltage on Rise at Far-end ; Ringback Voltage on Fall at Far-end ; 10-90 Rise Time at Far-end ; 90-10 Fall Time at Far-end ; Monotonic Rise at Far-end ; Monotonic Fall at Far-end ;
+---------------+--------------+---------------------+---------------------+------------------------------+------------------------------+---------------------+---------------------+--------------------------------------+--------------------------------------+-----------------------------+-----------------------------+----------------------------+----------------------------+-----------------------------+-----------------------------+--------------------+--------------------+-------------------------------------+-------------------------------------+----------------------------+----------------------------+---------------------------+---------------------------+
; T1            ; 2.5 V        ; 0 s                 ; 0 s                 ; 2.62 V                       ; 4.05e-08 V                   ; 2.72 V              ; -0.0349 V           ; 0.173 V                              ; 0.1 V                                ; 2.72e-10 s                  ; 2.69e-10 s                  ; Yes                        ; Yes                        ; 2.62 V                      ; 4.05e-08 V                  ; 2.72 V             ; -0.0349 V          ; 0.173 V                             ; 0.1 V                               ; 2.72e-10 s                 ; 2.69e-10 s                 ; Yes                       ; Yes                       ;
; T2            ; 2.5 V        ; 0 s                 ; 0 s                 ; 2.62 V                       ; 4.05e-08 V                   ; 2.64 V              ; -0.0113 V           ; 0.208 V                              ; 0.179 V                              ; 2.38e-09 s                  ; 2.23e-09 s                  ; No                         ; Yes                        ; 2.62 V                      ; 4.05e-08 V                  ; 2.64 V             ; -0.0113 V          ; 0.208 V                             ; 0.179 V                             ; 2.38e-09 s                 ; 2.23e-09 s                 ; No                        ; Yes                       ;
; T3            ; 2.5 V        ; 0 s                 ; 0 s                 ; 2.62 V                       ; 4.05e-08 V                   ; 2.72 V              ; -0.0349 V           ; 0.173 V                              ; 0.1 V                                ; 2.72e-10 s                  ; 2.69e-10 s                  ; Yes                        ; Yes                        ; 2.62 V                      ; 4.05e-08 V                  ; 2.72 V             ; -0.0349 V          ; 0.173 V                             ; 0.1 V                               ; 2.72e-10 s                 ; 2.69e-10 s                 ; Yes                       ; Yes                       ;
; T4            ; 2.5 V        ; 0 s                 ; 0 s                 ; 2.62 V                       ; 2.74e-08 V                   ; 2.73 V              ; -0.0384 V           ; 0.169 V                              ; 0.089 V                              ; 2.7e-10 s                   ; 2.62e-10 s                  ; Yes                        ; Yes                        ; 2.62 V                      ; 2.74e-08 V                  ; 2.73 V             ; -0.0384 V          ; 0.169 V                             ; 0.089 V                             ; 2.7e-10 s                  ; 2.62e-10 s                 ; Yes                       ; Yes                       ;
; ~ALTERA_DCLK~ ; 2.5 V        ; 0 s                 ; 0 s                 ; 2.62 V                       ; 2.22e-08 V                   ; 2.74 V              ; -0.06 V             ; 0.158 V                              ; 0.08 V                               ; 2.68e-10 s                  ; 2.19e-10 s                  ; Yes                        ; Yes                        ; 2.62 V                      ; 2.22e-08 V                  ; 2.74 V             ; -0.06 V            ; 0.158 V                             ; 0.08 V                              ; 2.68e-10 s                 ; 2.19e-10 s                 ; Yes                       ; Yes                       ;
; ~ALTERA_nCEO~ ; 2.5 V        ; 0 s                 ; 0 s                 ; 2.62 V                       ; 3.54e-08 V                   ; 2.7 V               ; -0.00943 V          ; 0.276 V                              ; 0.035 V                              ; 3.19e-10 s                  ; 4.99e-10 s                  ; No                         ; Yes                        ; 2.62 V                      ; 3.54e-08 V                  ; 2.7 V              ; -0.00943 V         ; 0.276 V                             ; 0.035 V                             ; 3.19e-10 s                 ; 4.99e-10 s                 ; No                        ; Yes                       ;
+---------------+--------------+---------------------+---------------------+------------------------------+------------------------------+---------------------+---------------------+--------------------------------------+--------------------------------------+-----------------------------+-----------------------------+----------------------------+----------------------------+-----------------------------+-----------------------------+--------------------+--------------------+-------------------------------------+-------------------------------------+----------------------------+----------------------------+---------------------------+---------------------------+


+-------------------------------------------------------------------+
; Setup Transfers                                                   ;
+------------+----------+----------+----------+----------+----------+
; From Clock ; To Clock ; RR Paths ; FR Paths ; RF Paths ; FF Paths ;
+------------+----------+----------+----------+----------+----------+
; clk        ; clk      ; 8        ; 0        ; 0        ; 0        ;
+------------+----------+----------+----------+----------+----------+
Entries labeled "false path" only account for clock-to-clock false paths and not path-based false paths. As a result, actual path counts may be lower than reported.


+-------------------------------------------------------------------+
; Hold Transfers                                                    ;
+------------+----------+----------+----------+----------+----------+
; From Clock ; To Clock ; RR Paths ; FR Paths ; RF Paths ; FF Paths ;
+------------+----------+----------+----------+----------+----------+
; clk        ; clk      ; 8        ; 0        ; 0        ; 0        ;
+------------+----------+----------+----------+----------+----------+
Entries labeled "false path" only account for clock-to-clock false paths and not path-based false paths. As a result, actual path counts may be lower than reported.


---------------
; Report TCCS ;
---------------
No dedicated SERDES Transmitter circuitry present in device or used in design


---------------
; Report RSKM ;
---------------
No dedicated SERDES Receiver circuitry present in device or used in design


+------------------------------------------------+
; Unconstrained Paths                            ;
+---------------------------------+-------+------+
; Property                        ; Setup ; Hold ;
+---------------------------------+-------+------+
; Illegal Clocks                  ; 0     ; 0    ;
; Unconstrained Clocks            ; 0     ; 0    ;
; Unconstrained Input Ports       ; 1     ; 1    ;
; Unconstrained Input Port Paths  ; 5     ; 5    ;
; Unconstrained Output Ports      ; 4     ; 4    ;
; Unconstrained Output Port Paths ; 4     ; 4    ;
+---------------------------------+-------+------+


+------------------------------------+
; TimeQuest Timing Analyzer Messages ;
+------------------------------------+
Info: *******************************************************************
Info: Running Quartus II 64-Bit TimeQuest Timing Analyzer
    Info: Version 13.0.1 Build 232 06/12/2013 Service Pack 1 SJ Full Version
    Info: Processing started: Wed May 15 17:13:38 2019
Info: Command: quartus_sta 11improve -c 11improve
Info: qsta_default_script.tcl version: #1
Info (11104): Parallel Compilation has detected 8 hyper-threaded processors. However, the extra hyper-threaded processors will not be used by default. Parallel Compilation will use 4 of the 4 physical processors detected instead.
Info (21077): Core supply voltage is 1.2V
Info (21077): Low junction temperature is 0 degrees C
Info (21077): High junction temperature is 85 degrees C
Critical Warning (332012): Synopsys Design Constraints File file not found: '11improve.sdc'. A Synopsys Design Constraints File is required by the TimeQuest Timing Analyzer to get proper timing constraints. Without it, the Compiler will not properly optimize the design.
Info (332142): No user constrained base clocks found in the design. Calling "derive_clocks -period 1.0"
Info (332105): Deriving Clocks
    Info (332105): create_clock -period 1.000 -name clk clk
Info (332143): No user constrained clock uncertainty found in the design. Calling "derive_clock_uncertainty"
Info (332123): Deriving Clock Uncertainty. Please refer to report_sdc in TimeQuest to see clock uncertainties.
Info: Found TIMEQUEST_REPORT_SCRIPT_INCLUDE_DEFAULT_ANALYSIS = ON
Info: Analyzing Slow 1200mV 85C Model
Critical Warning (332148): Timing requirements not met
    Info (11105): For recommendations on closing timing, run Report Timing Closure Recommendations in the TimeQuest Timing Analyzer.
Info (332146): Worst-case setup slack is -0.359
    Info (332119):     Slack End Point TNS Clock 
    Info (332119): ========= ============= =====================
    Info (332119):    -0.359        -0.366 clk 
Info (332146): Worst-case hold slack is 0.466
    Info (332119):     Slack End Point TNS Clock 
    Info (332119): ========= ============= =====================
    Info (332119):     0.466         0.000 clk 
Info (332140): No Recovery paths to report
Info (332140): No Removal paths to report
Info (332146): Worst-case minimum pulse width slack is -3.000
    Info (332119):     Slack End Point TNS Clock 
    Info (332119): ========= ============= =====================
    Info (332119):    -3.000       -10.435 clk 
Info: Analyzing Slow 1200mV 0C Model
Info (334003): Started post-fitting delay annotation
Info (334004): Delay annotation completed successfully
Info (332123): Deriving Clock Uncertainty. Please refer to report_sdc in TimeQuest to see clock uncertainties.
Critical Warning (332148): Timing requirements not met
    Info (11105): For recommendations on closing timing, run Report Timing Closure Recommendations in the TimeQuest Timing Analyzer.
Info (332146): Worst-case setup slack is -0.222
    Info (332119):     Slack End Point TNS Clock 
    Info (332119): ========= ============= =====================
    Info (332119):    -0.222        -0.222 clk 
Info (332146): Worst-case hold slack is 0.417
    Info (332119):     Slack End Point TNS Clock 
    Info (332119): ========= ============= =====================
    Info (332119):     0.417         0.000 clk 
Info (332140): No Recovery paths to report
Info (332140): No Removal paths to report
Info (332146): Worst-case minimum pulse width slack is -3.000
    Info (332119):     Slack End Point TNS Clock 
    Info (332119): ========= ============= =====================
    Info (332119):    -3.000       -10.435 clk 
Info: Analyzing Fast 1200mV 0C Model
Info (332123): Deriving Clock Uncertainty. Please refer to report_sdc in TimeQuest to see clock uncertainties.
Info (332146): Worst-case setup slack is 0.407
    Info (332119):     Slack End Point TNS Clock 
    Info (332119): ========= ============= =====================
    Info (332119):     0.407         0.000 clk 
Info (332146): Worst-case hold slack is 0.193
    Info (332119):     Slack End Point TNS Clock 
    Info (332119): ========= ============= =====================
    Info (332119):     0.193         0.000 clk 
Info (332140): No Recovery paths to report
Info (332140): No Removal paths to report
Critical Warning (332148): Timing requirements not met
    Info (11105): For recommendations on closing timing, run Report Timing Closure Recommendations in the TimeQuest Timing Analyzer.
Info (332146): Worst-case minimum pulse width slack is -3.000
    Info (332119):     Slack End Point TNS Clock 
    Info (332119): ========= ============= =====================
    Info (332119):    -3.000        -9.227 clk 
Info (332102): Design is not fully constrained for setup requirements
Info (332102): Design is not fully constrained for hold requirements
Info: Quartus II 64-Bit TimeQuest Timing Analyzer was successful. 0 errors, 4 warnings
    Info: Peak virtual memory: 4636 megabytes
    Info: Processing ended: Wed May 15 17:13:42 2019
    Info: Elapsed time: 00:00:04
    Info: Total CPU time (on all processors): 00:00:04


